2026-09-30 15:30:22,226 - aqt.helper - DEBUG - helper 5048 Attempt to download checksum at https://download.qt.io/online/qtsdkrepository/windows_x86/desktop/qt6_683/qt6_683/Updates.xml.sha256
2026-09-30 15:30:29,096 - aqt.main - INFO - installer 37532 aqtinstall(aqt) v3.3.0 on Python 3.13.14 [CPython MSC v.1944 64 bit (AMD64)]
2026-09-30 15:30:29,096 - aqt.helper - DEBUG - helper 37532 Attempt to download checksum at https://download.qt.io/online/qtsdkrepository/windows_x86/desktop/qt6_683/qt6_683/Updates.xml.sha256
2026-09-30 15:30:31,925 - aqt.helper - DEBUG - helper 37532 Attempt to download checksum at https://download.qt.io/online/qtsdkrepository/windows_x86/extensions/qtwebengine/683/msvc2022_64/Updates.xml.sha256
2026-09-30 15:30:34,370 - aqt.archives - INFO - archives 37532 Found extension qtwebengine
2026-09-30 15:30:34,370 - aqt.helper - DEBUG - helper 37532 Attempt to download checksum at https://download.qt.io/online/qtsdkrepository/windows_x86/extensions/qtpdf/683/msvc2022_64/Updates.xml.sha256
2026-09-30 15:30:36,410 - aqt.archives - INFO - archives 37532 Found extension qtpdf
2026-09-30 15:30:37,525 - aqt.helper - DEBUG - helper 34220 Attempt to download checksum at https://download.qt.io/online/qtsdkrepository/windows_x86/desktop/qt6_683/qt6_683/qt.qt6.683.win64_msvc2022_64/6.8.3-0-202503201308qtbase-Windows-Windows_11_23H2-MSVC2022-Windows-Windows_11_23H2-X86_64.7z.sha256
2026-09-30 15:30:37,548 - aqt.helper - DEBUG - helper 15268 Attempt to download checksum at https://download.qt.io/online/qtsdkrepository/windows_x86/desktop/qt6_683/qt6_683/qt.qt6.683.win64_msvc2022_64/6.8.3-0-202503201308qtsvg-Windows-Windows_11_23H2-MSVC2022-Windows-Windows_11_23H2-X86_64.7z.sha256
2026-09-30 15:30:37,576 - aqt.helper - DEBUG - helper 35476 Attempt to download checksum at https://download.qt.io/online/qtsdkrepository/windows_x86/desktop/qt6_683/qt6_683/qt.qt6.683.win64_msvc2022_64/6.8.3-0-202503201308qtdeclarative-Windows-Windows_11_23H2-MSVC2022-Windows-Windows_11_23H2-X86_64.7z.sha256
2026-09-30 15:30:37,602 - aqt.helper - DEBUG - helper 32232 Attempt to download checksum at https://download.qt.io/online/qtsdkrepository/windows_x86/desktop/qt6_683/qt6_683/qt.qt6.683.win64_msvc2022_64/6.8.3-0-202503201308qttools-Windows-Windows_11_23H2-MSVC2022-Windows-Windows_11_23H2-X86_64.7z.sha256
2026-09-30 15:30:38,603 - aqt.helper - INFO - helper 15268 Downloading qtsvg...
2026-09-30 15:30:38,603 - aqt.installer - DEBUG - installer 15268 Download URL: https://download.qt.io/online/qtsdkrepository/windows_x86/desktop/qt6_683/qt6_683/qt.qt6.683.win64_msvc2022_64/6.8.3-0-202503201308qtsvg-Windows-Windows_11_23H2-MSVC2022-Windows-Windows_11_23H2-X86_64.7z
2026-09-30 15:30:38,629 - aqt.helper - INFO - helper 34220 Downloading qtbase...
2026-09-30 15:30:38,630 - aqt.installer - DEBUG - installer 34220 Download URL: https://download.qt.io/online/qtsdkrepository/windows_x86/desktop/qt6_683/qt6_683/qt.qt6.683.win64_msvc2022_64/6.8.3-0-202503201308qtbase-Windows-Windows_11_23H2-MSVC2022-Windows-Windows_11_23H2-X86_64.7z
2026-09-30 15:30:38,658 - aqt.helper - INFO - helper 32232 Downloading qttools...
2026-09-30 15:30:38,658 - aqt.installer - DEBUG - installer 32232 Download URL: https://download.qt.io/online/qtsdkrepository/windows_x86/desktop/qt6_683/qt6_683/qt.qt6.683.win64_msvc2022_64/6.8.3-0-202503201308qttools-Windows-Windows_11_23H2-MSVC2022-Windows-Windows_11_23H2-X86_64.7z
2026-09-30 15:30:38,700 - aqt.helper - INFO - helper 35476 Downloading qtdeclarative...
2026-09-30 15:30:38,701 - aqt.installer - DEBUG - installer 35476 Download URL: https://download.qt.io/online/qtsdkrepository/windows_x86/desktop/qt6_683/qt6_683/qt.qt6.683.win64_msvc2022_64/6.8.3-0-202503201308qtdeclarative-Windows-Windows_11_23H2-MSVC2022-Windows-Windows_11_23H2-X86_64.7z
2026-09-30 15:30:39,662 - aqt.helper - DEBUG - helper 15268 Asked to redirect(302) to: https://qt.mirror.constant.com/online/qtsdkrepository/windows_x86/desktop/qt6_683/qt6_683/qt.qt6.683.win64_msvc2022_64/6.8.3-0-202503201308qtsvg-Windows-Windows_11_23H2-MSVC2022-Windows-Windows_11_23H2-X86_64.7z
2026-09-30 15:30:39,662 - aqt.helper - INFO - helper 15268 Redirected: qt.mirror.constant.com
2026-09-30 15:30:39,681 - aqt.helper - DEBUG - helper 34220 Asked to redirect(302) to: https://qt.mirror.constant.com/online/qtsdkrepository/windows_x86/desktop/qt6_683/qt6_683/qt.qt6.683.win64_msvc2022_64/6.8.3-0-202503201308qtbase-Windows-Windows_11_23H2-MSVC2022-Windows-Windows_11_23H2-X86_64.7z
2026-09-30 15:30:39,681 - aqt.helper - INFO - helper 34220 Redirected: qt.mirror.constant.com
2026-09-30 15:30:39,713 - aqt.helper - DEBUG - helper 32232 Asked to redirect(302) to: https://qt.mirror.constant.com/online/qtsdkrepository/windows_x86/desktop/qt6_683/qt6_683/qt.qt6.683.win64_msvc2022_64/6.8.3-0-202503201308qttools-Windows-Windows_11_23H2-MSVC2022-Windows-Windows_11_23H2-X86_64.7z
2026-09-30 15:30:39,713 - aqt.helper - INFO - helper 32232 Redirected: qt.mirror.constant.com
2026-09-30 15:30:39,717 - aqt.helper - DEBUG - helper 35476 Asked to redirect(302) to: https://qt.mirror.constant.com/online/qtsdkrepository/windows_x86/desktop/qt6_683/qt6_683/qt.qt6.683.win64_msvc2022_64/6.8.3-0-202503201308qtdeclarative-Windows-Windows_11_23H2-MSVC2022-Windows-Windows_11_23H2-X86_64.7z
2026-09-30 15:30:39,718 - aqt.helper - INFO - helper 35476 Redirected: qt.mirror.constant.com
2026-09-30 15:30:40,847 - aqt.installer - INFO - installer 15268 Finished installation of qtsvg-Windows-Windows_11_23H2-MSVC2022-Windows-Windows_11_23H2-X86_64.7z in 3.30309090
2026-09-30 15:30:40,867 - aqt.helper - DEBUG - helper 15268 Attempt to download checksum at https://download.qt.io/online/qtsdkrepository/windows_x86/desktop/qt6_683/qt6_683/qt.qt6.683.win64_msvc2022_64/6.8.3-0-202503201308qttranslations-Windows-Windows_11_23H2-MSVC2022-Windows-Windows_11_23H2-X86_64.7z.sha256
2026-09-30 15:30:43,406 - aqt.helper - INFO - helper 15268 Downloading qttranslations...
2026-09-30 15:30:43,407 - aqt.installer - DEBUG - installer 15268 Download URL: https://download.qt.io/online/qtsdkrepository/windows_x86/desktop/qt6_683/qt6_683/qt.qt6.683.win64_msvc2022_64/6.8.3-0-202503201308qttranslations-Windows-Windows_11_23H2-MSVC2022-Windows-Windows_11_23H2-X86_64.7z
2026-09-30 15:30:44,408 - aqt.helper - DEBUG - helper 15268 Asked to redirect(302) to: https://qt.mirror.constant.com/online/qtsdkrepository/windows_x86/desktop/qt6_683/qt6_683/qt.qt6.683.win64_msvc2022_64/6.8.3-0-202503201308qttranslations-Windows-Windows_11_23H2-MSVC2022-Windows-Windows_11_23H2-X86_64.7z
2026-09-30 15:30:44,408 - aqt.helper - INFO - helper 15268 Redirected: qt.mirror.constant.com
2026-09-30 15:30:46,165 - aqt.installer - INFO - installer 15268 Finished installation of qttranslations-Windows-Windows_11_23H2-MSVC2022-Windows-Windows_11_23H2-X86_64.7z in 5.30154410
2026-09-30 15:30:46,187 - aqt.helper - DEBUG - helper 15268 Attempt to download checksum at https://download.qt.io/online/qtsdkrepository/windows_x86/desktop/qt6_683/qt6_683/qt.qt6.683.win64_msvc2022_64/6.8.3-0-202503201308d3dcompiler_47-x64.7z.sha256
2026-09-30 15:30:46,606 - aqt.installer - INFO - installer 32232 Finished installation of qttools-Windows-Windows_11_23H2-MSVC2022-Windows-Windows_11_23H2-X86_64.7z in 9.00719230
2026-09-30 15:30:46,629 - aqt.helper - DEBUG - helper 32232 Attempt to download checksum at https://download.qt.io/online/qtsdkrepository/windows_x86/desktop/qt6_683/qt6_683/qt.qt6.683.win64_msvc2022_64/6.8.3-0-202503201308opengl32sw-64-mesa_11_2_2-signed_sha256.7z.sha256
2026-09-30 15:30:47,213 - aqt.helper - INFO - helper 15268 Downloading d3dcompiler_47...
2026-09-30 15:30:47,213 - aqt.installer - DEBUG - installer 15268 Download URL: https://download.qt.io/online/qtsdkrepository/windows_x86/desktop/qt6_683/qt6_683/qt.qt6.683.win64_msvc2022_64/6.8.3-0-202503201308d3dcompiler_47-x64.7z
2026-09-30 15:30:47,614 - aqt.helper - INFO - helper 32232 Downloading opengl32sw...
2026-09-30 15:30:47,614 - aqt.installer - DEBUG - installer 32232 Download URL: https://download.qt.io/online/qtsdkrepository/windows_x86/desktop/qt6_683/qt6_683/qt.qt6.683.win64_msvc2022_64/6.8.3-0-202503201308opengl32sw-64-mesa_11_2_2-signed_sha256.7z
2026-09-30 15:30:49,924 - aqt.helper - DEBUG - helper 32232 Asked to redirect(302) to: https://qt.mirror.constant.com/online/qtsdkrepository/windows_x86/desktop/qt6_683/qt6_683/qt.qt6.683.win64_msvc2022_64/6.8.3-0-202503201308opengl32sw-64-mesa_11_2_2-signed_sha256.7z
2026-09-30 15:30:49,924 - aqt.helper - INFO - helper 32232 Redirected: qt.mirror.constant.com
2026-09-30 15:30:50,756 - aqt.helper - DEBUG - helper 15268 Asked to redirect(302) to: https://qt.mirror.constant.com/online/qtsdkrepository/windows_x86/desktop/qt6_683/qt6_683/qt.qt6.683.win64_msvc2022_64/6.8.3-0-202503201308d3dcompiler_47-x64.7z
2026-09-30 15:30:50,756 - aqt.helper - INFO - helper 15268 Redirected: qt.mirror.constant.com
2026-09-30 15:30:51,728 - aqt.installer - INFO - installer 32232 Finished installation of opengl32sw-64-mesa_11_2_2-signed_sha256.7z in 5.10307600
2026-09-30 15:30:51,753 - aqt.installer - INFO - installer 15268 Finished installation of d3dcompiler_47-x64.7z in 5.56872750
2026-09-30 15:30:55,452 - aqt.installer - INFO - installer 34220 Finished installation of qtbase-Windows-Windows_11_23H2-MSVC2022-Windows-Windows_11_23H2-X86_64.7z in 17.93066320
2026-09-30 15:31:18,872 - aqt.installer - INFO - installer 35476 Finished installation of qtdeclarative-Windows-Windows_11_23H2-MSVC2022-Windows-Windows_11_23H2-X86_64.7z in 41.30016060
2026-09-30 15:31:19,141 - aqt.updater - INFO - updater 37532 Patching C:\Qt\6.8.3\msvc2022_64\bin\qmake.exe
2026-09-30 15:31:19,145 - aqt.updater - INFO - updater 37532 Patching C:\Qt\6.8.3\msvc2022_64\lib\Qt6Concurrent.prl
2026-09-30 15:31:19,152 - aqt.updater - INFO - updater 37532 Patching C:\Qt\6.8.3\msvc2022_64\lib\Qt6Concurrentd.prl
2026-09-30 15:31:19,160 - aqt.updater - INFO - updater 37532 Patching C:\Qt\6.8.3\msvc2022_64\lib\Qt6Core.prl
2026-09-30 15:31:19,166 - aqt.updater - INFO - updater 37532 Patching C:\Qt\6.8.3\msvc2022_64\lib\Qt6Cored.prl
2026-09-30 15:31:19,173 - aqt.updater - INFO - updater 37532 Patching C:\Qt\6.8.3\msvc2022_64\lib\Qt6DBus.prl
2026-09-30 15:31:19,181 - aqt.updater - INFO - updater 37532 Patching C:\Qt\6.8.3\msvc2022_64\lib\Qt6DBusd.prl
2026-09-30 15:31:19,187 - aqt.updater - INFO - updater 37532 Patching C:\Qt\6.8.3\msvc2022_64\lib\Qt6Designer.prl
2026-09-30 15:31:19,194 - aqt.updater - INFO - updater 37532 Patching C:\Qt\6.8.3\msvc2022_64\lib\Qt6DesignerComponents.prl
2026-09-30 15:31:19,201 - aqt.updater - INFO - updater 37532 Patching C:\Qt\6.8.3\msvc2022_64\lib\Qt6DesignerComponentsd.prl
2026-09-30 15:31:19,216 - aqt.updater - INFO - updater 37532 Patching C:\Qt\6.8.3\msvc2022_64\lib\Qt6Designerd.prl
2026-09-30 15:31:19,225 - aqt.updater - INFO - updater 37532 Patching C:\Qt\6.8.3\msvc2022_64\lib\Qt6DeviceDiscoverySupport.prl
2026-09-30 15:31:19,233 - aqt.updater - INFO - updater 37532 Patching C:\Qt\6.8.3\msvc2022_64\lib\Qt6DeviceDiscoverySupportd.prl
2026-09-30 15:31:19,243 - aqt.updater - INFO - updater 37532 Patching C:\Qt\6.8.3\msvc2022_64\lib\Qt6EntryPoint.prl
2026-09-30 15:31:19,250 - aqt.updater - INFO - updater 37532 Patching C:\Qt\6.8.3\msvc2022_64\lib\Qt6EntryPointd.prl
2026-09-30 15:31:19,258 - aqt.updater - INFO - updater 37532 Patching C:\Qt\6.8.3\msvc2022_64\lib\Qt6ExampleIcons.prl
2026-09-30 15:31:19,267 - aqt.updater - INFO - updater 37532 Patching C:\Qt\6.8.3\msvc2022_64\lib\Qt6ExampleIconsd.prl
2026-09-30 15:31:19,275 - aqt.updater - INFO - updater 37532 Patching C:\Qt\6.8.3\msvc2022_64\lib\Qt6ExamplesAssetDownloader.prl
2026-09-30 15:31:19,282 - aqt.updater - INFO - updater 37532 Patching C:\Qt\6.8.3\msvc2022_64\lib\Qt6ExamplesAssetDownloaderd.prl
2026-09-30 15:31:19,291 - aqt.updater - INFO - updater 37532 Patching C:\Qt\6.8.3\msvc2022_64\lib\Qt6FbSupport.prl
2026-09-30 15:31:19,298 - aqt.updater - INFO - updater 37532 Patching C:\Qt\6.8.3\msvc2022_64\lib\Qt6FbSupportd.prl
2026-09-30 15:31:19,306 - aqt.updater - INFO - updater 37532 Patching C:\Qt\6.8.3\msvc2022_64\lib\Qt6Gui.prl
2026-09-30 15:31:19,324 - aqt.updater - INFO - updater 37532 Patching C:\Qt\6.8.3\msvc2022_64\lib\Qt6Guid.prl
2026-09-30 15:31:19,390 - aqt.updater - INFO - updater 37532 Patching C:\Qt\6.8.3\msvc2022_64\lib\Qt6Help.prl
2026-09-30 15:31:19,398 - aqt.updater - INFO - updater 37532 Patching C:\Qt\6.8.3\msvc2022_64\lib\Qt6Helpd.prl
2026-09-30 15:31:19,406 - aqt.updater - INFO - updater 37532 Patching C:\Qt\6.8.3\msvc2022_64\lib\Qt6LabsAnimation.prl
2026-09-30 15:31:19,414 - aqt.updater - INFO - updater 37532 Patching C:\Qt\6.8.3\msvc2022_64\lib\Qt6LabsAnimationd.prl
2026-09-30 15:31:19,422 - aqt.updater - INFO - updater 37532 Patching C:\Qt\6.8.3\msvc2022_64\lib\Qt6LabsFolderListModel.prl
2026-09-30 15:31:19,431 - aqt.updater - INFO - updater 37532 Patching C:\Qt\6.8.3\msvc2022_64\lib\Qt6LabsFolderListModeld.prl
2026-09-30 15:31:19,439 - aqt.updater - INFO - updater 37532 Patching C:\Qt\6.8.3\msvc2022_64\lib\Qt6LabsPlatform.prl
2026-09-30 15:31:19,447 - aqt.updater - INFO - updater 37532 Patching C:\Qt\6.8.3\msvc2022_64\lib\Qt6LabsPlatformd.prl
2026-09-30 15:31:19,455 - aqt.updater - INFO - updater 37532 Patching C:\Qt\6.8.3\msvc2022_64\lib\Qt6LabsQmlModels.prl
2026-09-30 15:31:19,463 - aqt.updater - INFO - updater 37532 Patching C:\Qt\6.8.3\msvc2022_64\lib\Qt6LabsQmlModelsd.prl
2026-09-30 15:31:19,473 - aqt.updater - INFO - updater 37532 Patching C:\Qt\6.8.3\msvc2022_64\lib\Qt6LabsSettings.prl
2026-09-30 15:31:19,481 - aqt.updater - INFO - updater 37532 Patching C:\Qt\6.8.3\msvc2022_64\lib\Qt6LabsSettingsd.prl
2026-09-30 15:31:19,489 - aqt.updater - INFO - updater 37532 Patching C:\Qt\6.8.3\msvc2022_64\lib\Qt6LabsSharedImage.prl
2026-09-30 15:31:19,496 - aqt.updater - INFO - updater 37532 Patching C:\Qt\6.8.3\msvc2022_64\lib\Qt6LabsSharedImaged.prl
2026-09-30 15:31:19,505 - aqt.updater - INFO - updater 37532 Patching C:\Qt\6.8.3\msvc2022_64\lib\Qt6LabsWavefrontMesh.prl
2026-09-30 15:31:19,513 - aqt.updater - INFO - updater 37532 Patching C:\Qt\6.8.3\msvc2022_64\lib\Qt6LabsWavefrontMeshd.prl
2026-09-30 15:31:19,522 - aqt.updater - INFO - updater 37532 Patching C:\Qt\6.8.3\msvc2022_64\lib\Qt6Network.prl
2026-09-30 15:31:19,530 - aqt.updater - INFO - updater 37532 Patching C:\Qt\6.8.3\msvc2022_64\lib\Qt6Networkd.prl
2026-09-30 15:31:19,538 - aqt.updater - INFO - updater 37532 Patching C:\Qt\6.8.3\msvc2022_64\lib\Qt6OpenGL.prl
2026-09-30 15:31:19,546 - aqt.updater - INFO - updater 37532 Patching C:\Qt\6.8.3\msvc2022_64\lib\Qt6OpenGLd.prl
2026-09-30 15:31:19,612 - aqt.updater - INFO - updater 37532 Patching C:\Qt\6.8.3\msvc2022_64\lib\Qt6OpenGLWidgets.prl
2026-09-30 15:31:19,624 - aqt.updater - INFO - updater 37532 Patching C:\Qt\6.8.3\msvc2022_64\lib\Qt6OpenGLWidgetsd.prl
2026-09-30 15:31:19,634 - aqt.updater - INFO - updater 37532 Patching C:\Qt\6.8.3\msvc2022_64\lib\Qt6PacketProtocol.prl
2026-09-30 15:31:19,644 - aqt.updater - INFO - updater 37532 Patching C:\Qt\6.8.3\msvc2022_64\lib\Qt6PacketProtocold.prl
2026-09-30 15:31:19,654 - aqt.updater - INFO - updater 37532 Patching C:\Qt\6.8.3\msvc2022_64\lib\Qt6PrintSupport.prl
2026-09-30 15:31:19,696 - aqt.updater - INFO - updater 37532 Patching C:\Qt\6.8.3\msvc2022_64\lib\Qt6PrintSupportd.prl
2026-09-30 15:31:19,711 - aqt.updater - INFO - updater 37532 Patching C:\Qt\6.8.3\msvc2022_64\lib\Qt6Qml.prl
2026-09-30 15:31:19,723 - aqt.updater - INFO - updater 37532 Patching C:\Qt\6.8.3\msvc2022_64\lib\Qt6QmlAssetDownloader.prl
2026-09-30 15:31:19,738 - aqt.updater - INFO - updater 37532 Patching C:\Qt\6.8.3\msvc2022_64\lib\Qt6QmlAssetDownloaderd.prl
2026-09-30 15:31:19,748 - aqt.updater - INFO - updater 37532 Patching C:\Qt\6.8.3\msvc2022_64\lib\Qt6QmlCompiler.prl
2026-09-30 15:31:19,758 - aqt.updater - INFO - updater 37532 Patching C:\Qt\6.8.3\msvc2022_64\lib\Qt6QmlCompilerd.prl
2026-09-30 15:31:19,765 - aqt.updater - INFO - updater 37532 Patching C:\Qt\6.8.3\msvc2022_64\lib\Qt6QmlCore.prl
2026-09-30 15:31:19,774 - aqt.updater - INFO - updater 37532 Patching C:\Qt\6.8.3\msvc2022_64\lib\Qt6QmlCored.prl
2026-09-30 15:31:19,782 - aqt.updater - INFO - updater 37532 Patching C:\Qt\6.8.3\msvc2022_64\lib\Qt6Qmld.prl
2026-09-30 15:31:19,789 - aqt.updater - INFO - updater 37532 Patching C:\Qt\6.8.3\msvc2022_64\lib\Qt6QmlDebug.prl
2026-09-30 15:31:19,798 - aqt.updater - INFO - updater 37532 Patching C:\Qt\6.8.3\msvc2022_64\lib\Qt6QmlDebugd.prl
2026-09-30 15:31:19,806 - aqt.updater - INFO - updater 37532 Patching C:\Qt\6.8.3\msvc2022_64\lib\Qt6QmlDom.prl
2026-09-30 15:31:19,815 - aqt.updater - INFO - updater 37532 Patching C:\Qt\6.8.3\msvc2022_64\lib\Qt6QmlDomd.prl
2026-09-30 15:31:19,825 - aqt.updater - INFO - updater 37532 Patching C:\Qt\6.8.3\msvc2022_64\lib\Qt6QmlLocalStorage.prl
2026-09-30 15:31:19,834 - aqt.updater - INFO - updater 37532 Patching C:\Qt\6.8.3\msvc2022_64\lib\Qt6QmlLocalStoraged.prl
2026-09-30 15:31:19,843 - aqt.updater - INFO - updater 37532 Patching C:\Qt\6.8.3\msvc2022_64\lib\Qt6QmlLS.prl
2026-09-30 15:31:19,854 - aqt.updater - INFO - updater 37532 Patching C:\Qt\6.8.3\msvc2022_64\lib\Qt6QmlLSd.prl
2026-09-30 15:31:19,862 - aqt.updater - INFO - updater 37532 Patching C:\Qt\6.8.3\msvc2022_64\lib\Qt6QmlMeta.prl
2026-09-30 15:31:19,867 - aqt.updater - INFO - updater 37532 Patching C:\Qt\6.8.3\msvc2022_64\lib\Qt6QmlMetad.prl
2026-09-30 15:31:19,876 - aqt.updater - INFO - updater 37532 Patching C:\Qt\6.8.3\msvc2022_64\lib\Qt6QmlModels.prl
2026-09-30 15:31:19,883 - aqt.updater - INFO - updater 37532 Patching C:\Qt\6.8.3\msvc2022_64\lib\Qt6QmlModelsd.prl
2026-09-30 15:31:19,891 - aqt.updater - INFO - updater 37532 Patching C:\Qt\6.8.3\msvc2022_64\lib\Qt6QmlNetwork.prl
2026-09-30 15:31:19,922 - aqt.updater - INFO - updater 37532 Patching C:\Qt\6.8.3\msvc2022_64\lib\Qt6QmlNetworkd.prl
2026-09-30 15:31:19,930 - aqt.updater - INFO - updater 37532 Patching C:\Qt\6.8.3\msvc2022_64\lib\Qt6QmlToolingSettings.prl
2026-09-30 15:31:19,938 - aqt.updater - INFO - updater 37532 Patching C:\Qt\6.8.3\msvc2022_64\lib\Qt6QmlToolingSettingsd.prl
2026-09-30 15:31:19,945 - aqt.updater - INFO - updater 37532 Patching C:\Qt\6.8.3\msvc2022_64\lib\Qt6QmlTypeRegistrar.prl
2026-09-30 15:31:19,956 - aqt.updater - INFO - updater 37532 Patching C:\Qt\6.8.3\msvc2022_64\lib\Qt6QmlTypeRegistrard.prl
2026-09-30 15:31:19,966 - aqt.updater - INFO - updater 37532 Patching C:\Qt\6.8.3\msvc2022_64\lib\Qt6QmlWorkerScript.prl
2026-09-30 15:31:19,974 - aqt.updater - INFO - updater 37532 Patching C:\Qt\6.8.3\msvc2022_64\lib\Qt6QmlWorkerScriptd.prl
2026-09-30 15:31:19,983 - aqt.updater - INFO - updater 37532 Patching C:\Qt\6.8.3\msvc2022_64\lib\Qt6QmlXmlListModel.prl
2026-09-30 15:31:19,991 - aqt.updater - INFO - updater 37532 Patching C:\Qt\6.8.3\msvc2022_64\lib\Qt6QmlXmlListModeld.prl
2026-09-30 15:31:19,998 - aqt.updater - INFO - updater 37532 Patching C:\Qt\6.8.3\msvc2022_64\lib\Qt6Quick.prl
2026-09-30 15:31:20,007 - aqt.updater - INFO - updater 37532 Patching C:\Qt\6.8.3\msvc2022_64\lib\Qt6QuickControls2.prl
2026-09-30 15:31:20,014 - aqt.updater - INFO - updater 37532 Patching C:\Qt\6.8.3\msvc2022_64\lib\Qt6QuickControls2Basic.prl
2026-09-30 15:31:20,023 - aqt.updater - INFO - updater 37532 Patching C:\Qt\6.8.3\msvc2022_64\lib\Qt6QuickControls2Basicd.prl
2026-09-30 15:31:20,029 - aqt.updater - INFO - updater 37532 Patching C:\Qt\6.8.3\msvc2022_64\lib\Qt6QuickControls2BasicStyleImpl.prl
2026-09-30 15:31:20,036 - aqt.updater - INFO - updater 37532 Patching C:\Qt\6.8.3\msvc2022_64\lib\Qt6QuickControls2BasicStyleImpld.prl
2026-09-30 15:31:20,045 - aqt.updater - INFO - updater 37532 Patching C:\Qt\6.8.3\msvc2022_64\lib\Qt6QuickControls2d.prl
2026-09-30 15:31:20,051 - aqt.updater - INFO - updater 37532 Patching C:\Qt\6.8.3\msvc2022_64\lib\Qt6QuickControls2FluentWinUI3StyleImpl.prl
2026-09-30 15:31:20,058 - aqt.updater - INFO - updater 37532 Patching C:\Qt\6.8.3\msvc2022_64\lib\Qt6QuickControls2FluentWinUI3StyleImpld.prl
2026-09-30 15:31:20,067 - aqt.updater - INFO - updater 37532 Patching C:\Qt\6.8.3\msvc2022_64\lib\Qt6QuickControls2Fusion.prl
2026-09-30 15:31:20,074 - aqt.updater - INFO - updater 37532 Patching C:\Qt\6.8.3\msvc2022_64\lib\Qt6QuickControls2Fusiond.prl
2026-09-30 15:31:20,083 - aqt.updater - INFO - updater 37532 Patching C:\Qt\6.8.3\msvc2022_64\lib\Qt6QuickControls2FusionStyleImpl.prl
2026-09-30 15:31:20,091 - aqt.updater - INFO - updater 37532 Patching C:\Qt\6.8.3\msvc2022_64\lib\Qt6QuickControls2FusionStyleImpld.prl
2026-09-30 15:31:20,099 - aqt.updater - INFO - updater 37532 Patching C:\Qt\6.8.3\msvc2022_64\lib\Qt6QuickControls2Imagine.prl
2026-09-30 15:31:20,107 - aqt.updater - INFO - updater 37532 Patching C:\Qt\6.8.3\msvc2022_64\lib\Qt6QuickControls2Imagined.prl
2026-09-30 15:31:20,115 - aqt.updater - INFO - updater 37532 Patching C:\Qt\6.8.3\msvc2022_64\lib\Qt6QuickControls2ImagineStyleImpl.prl
2026-09-30 15:31:20,123 - aqt.updater - INFO - updater 37532 Patching C:\Qt\6.8.3\msvc2022_64\lib\Qt6QuickControls2ImagineStyleImpld.prl
2026-09-30 15:31:20,130 - aqt.updater - INFO - updater 37532 Patching C:\Qt\6.8.3\msvc2022_64\lib\Qt6QuickControls2Impl.prl
2026-09-30 15:31:20,138 - aqt.updater - INFO - updater 37532 Patching C:\Qt\6.8.3\msvc2022_64\lib\Qt6QuickControls2Impld.prl
2026-09-30 15:31:20,149 - aqt.updater - INFO - updater 37532 Patching C:\Qt\6.8.3\msvc2022_64\lib\Qt6QuickControls2Material.prl
2026-09-30 15:31:20,157 - aqt.updater - INFO - updater 37532 Patching C:\Qt\6.8.3\msvc2022_64\lib\Qt6QuickControls2Materiald.prl
2026-09-30 15:31:20,164 - aqt.updater - INFO - updater 37532 Patching C:\Qt\6.8.3\msvc2022_64\lib\Qt6QuickControls2MaterialStyleImpl.prl
2026-09-30 15:31:20,171 - aqt.updater - INFO - updater 37532 Patching C:\Qt\6.8.3\msvc2022_64\lib\Qt6QuickControls2MaterialStyleImpld.prl
2026-09-30 15:31:20,179 - aqt.updater - INFO - updater 37532 Patching C:\Qt\6.8.3\msvc2022_64\lib\Qt6QuickControls2Universal.prl
2026-09-30 15:31:20,186 - aqt.updater - INFO - updater 37532 Patching C:\Qt\6.8.3\msvc2022_64\lib\Qt6QuickControls2Universald.prl
2026-09-30 15:31:20,195 - aqt.updater - INFO - updater 37532 Patching C:\Qt\6.8.3\msvc2022_64\lib\Qt6QuickControls2UniversalStyleImpl.prl
2026-09-30 15:31:20,200 - aqt.updater - INFO - updater 37532 Patching C:\Qt\6.8.3\msvc2022_64\lib\Qt6QuickControls2UniversalStyleImpld.prl
2026-09-30 15:31:20,208 - aqt.updater - INFO - updater 37532 Patching C:\Qt\6.8.3\msvc2022_64\lib\Qt6QuickControls2WindowsStyleImpl.prl
2026-09-30 15:31:20,216 - aqt.updater - INFO - updater 37532 Patching C:\Qt\6.8.3\msvc2022_64\lib\Qt6QuickControls2WindowsStyleImpld.prl
2026-09-30 15:31:20,225 - aqt.updater - INFO - updater 37532 Patching C:\Qt\6.8.3\msvc2022_64\lib\Qt6QuickControlsTestUtils.prl
2026-09-30 15:31:20,232 - aqt.updater - INFO - updater 37532 Patching C:\Qt\6.8.3\msvc2022_64\lib\Qt6QuickControlsTestUtilsd.prl
2026-09-30 15:31:20,241 - aqt.updater - INFO - updater 37532 Patching C:\Qt\6.8.3\msvc2022_64\lib\Qt6Quickd.prl
2026-09-30 15:31:20,248 - aqt.updater - INFO - updater 37532 Patching C:\Qt\6.8.3\msvc2022_64\lib\Qt6QuickDialogs2.prl
2026-09-30 15:31:20,257 - aqt.updater - INFO - updater 37532 Patching C:\Qt\6.8.3\msvc2022_64\lib\Qt6QuickDialogs2d.prl
2026-09-30 15:31:20,266 - aqt.updater - INFO - updater 37532 Patching C:\Qt\6.8.3\msvc2022_64\lib\Qt6QuickDialogs2QuickImpl.prl
2026-09-30 15:31:20,277 - aqt.updater - INFO - updater 37532 Patching C:\Qt\6.8.3\msvc2022_64\lib\Qt6QuickDialogs2QuickImpld.prl
2026-09-30 15:31:20,284 - aqt.updater - INFO - updater 37532 Patching C:\Qt\6.8.3\msvc2022_64\lib\Qt6QuickDialogs2Utils.prl
2026-09-30 15:31:20,292 - aqt.updater - INFO - updater 37532 Patching C:\Qt\6.8.3\msvc2022_64\lib\Qt6QuickDialogs2Utilsd.prl
2026-09-30 15:31:20,300 - aqt.updater - INFO - updater 37532 Patching C:\Qt\6.8.3\msvc2022_64\lib\Qt6QuickEffects.prl
2026-09-30 15:31:20,308 - aqt.updater - INFO - updater 37532 Patching C:\Qt\6.8.3\msvc2022_64\lib\Qt6QuickEffectsd.prl
2026-09-30 15:31:20,317 - aqt.updater - INFO - updater 37532 Patching C:\Qt\6.8.3\msvc2022_64\lib\Qt6QuickLayouts.prl
2026-09-30 15:31:20,327 - aqt.updater - INFO - updater 37532 Patching C:\Qt\6.8.3\msvc2022_64\lib\Qt6QuickLayoutsd.prl
2026-09-30 15:31:20,335 - aqt.updater - INFO - updater 37532 Patching C:\Qt\6.8.3\msvc2022_64\lib\Qt6QuickParticles.prl
2026-09-30 15:31:20,342 - aqt.updater - INFO - updater 37532 Patching C:\Qt\6.8.3\msvc2022_64\lib\Qt6QuickParticlesd.prl
2026-09-30 15:31:20,349 - aqt.updater - INFO - updater 37532 Patching C:\Qt\6.8.3\msvc2022_64\lib\Qt6QuickShapes.prl
2026-09-30 15:31:20,356 - aqt.updater - INFO - updater 37532 Patching C:\Qt\6.8.3\msvc2022_64\lib\Qt6QuickShapesd.prl
2026-09-30 15:31:20,365 - aqt.updater - INFO - updater 37532 Patching C:\Qt\6.8.3\msvc2022_64\lib\Qt6QuickTemplates2.prl
2026-09-30 15:31:20,375 - aqt.updater - INFO - updater 37532 Patching C:\Qt\6.8.3\msvc2022_64\lib\Qt6QuickTemplates2d.prl
2026-09-30 15:31:20,382 - aqt.updater - INFO - updater 37532 Patching C:\Qt\6.8.3\msvc2022_64\lib\Qt6QuickTest.prl
2026-09-30 15:31:20,389 - aqt.updater - INFO - updater 37532 Patching C:\Qt\6.8.3\msvc2022_64\lib\Qt6QuickTestd.prl
2026-09-30 15:31:20,400 - aqt.updater - INFO - updater 37532 Patching C:\Qt\6.8.3\msvc2022_64\lib\Qt6QuickTestUtils.prl
2026-09-30 15:31:20,408 - aqt.updater - INFO - updater 37532 Patching C:\Qt\6.8.3\msvc2022_64\lib\Qt6QuickTestUtilsd.prl
2026-09-30 15:31:20,418 - aqt.updater - INFO - updater 37532 Patching C:\Qt\6.8.3\msvc2022_64\lib\Qt6QuickVectorImage.prl
2026-09-30 15:31:20,428 - aqt.updater - INFO - updater 37532 Patching C:\Qt\6.8.3\msvc2022_64\lib\Qt6QuickVectorImaged.prl
2026-09-30 15:31:20,434 - aqt.updater - INFO - updater 37532 Patching C:\Qt\6.8.3\msvc2022_64\lib\Qt6QuickVectorImageGenerator.prl
2026-09-30 15:31:20,443 - aqt.updater - INFO - updater 37532 Patching C:\Qt\6.8.3\msvc2022_64\lib\Qt6QuickVectorImageGeneratord.prl
2026-09-30 15:31:20,449 - aqt.updater - INFO - updater 37532 Patching C:\Qt\6.8.3\msvc2022_64\lib\Qt6QuickWidgets.prl
2026-09-30 15:31:20,457 - aqt.updater - INFO - updater 37532 Patching C:\Qt\6.8.3\msvc2022_64\lib\Qt6QuickWidgetsd.prl
2026-09-30 15:31:20,465 - aqt.updater - INFO - updater 37532 Patching C:\Qt\6.8.3\msvc2022_64\lib\Qt6Sql.prl
2026-09-30 15:31:20,474 - aqt.updater - INFO - updater 37532 Patching C:\Qt\6.8.3\msvc2022_64\lib\Qt6Sqld.prl
2026-09-30 15:31:20,481 - aqt.updater - INFO - updater 37532 Patching C:\Qt\6.8.3\msvc2022_64\lib\Qt6Svg.prl
2026-09-30 15:31:20,509 - aqt.updater - INFO - updater 37532 Patching C:\Qt\6.8.3\msvc2022_64\lib\Qt6Svgd.prl
2026-09-30 15:31:20,519 - aqt.updater - INFO - updater 37532 Patching C:\Qt\6.8.3\msvc2022_64\lib\Qt6SvgWidgets.prl
2026-09-30 15:31:20,529 - aqt.updater - INFO - updater 37532 Patching C:\Qt\6.8.3\msvc2022_64\lib\Qt6SvgWidgetsd.prl
2026-09-30 15:31:20,536 - aqt.updater - INFO - updater 37532 Patching C:\Qt\6.8.3\msvc2022_64\lib\Qt6Test.prl
2026-09-30 15:31:20,546 - aqt.updater - INFO - updater 37532 Patching C:\Qt\6.8.3\msvc2022_64\lib\Qt6Testd.prl
2026-09-30 15:31:20,552 - aqt.updater - INFO - updater 37532 Patching C:\Qt\6.8.3\msvc2022_64\lib\Qt6UiTools.prl
2026-09-30 15:31:20,563 - aqt.updater - INFO - updater 37532 Patching C:\Qt\6.8.3\msvc2022_64\lib\Qt6UiToolsd.prl
2026-09-30 15:31:20,572 - aqt.updater - INFO - updater 37532 Patching C:\Qt\6.8.3\msvc2022_64\lib\Qt6Widgets.prl
2026-09-30 15:31:20,580 - aqt.updater - INFO - updater 37532 Patching C:\Qt\6.8.3\msvc2022_64\lib\Qt6Widgetsd.prl
2026-09-30 15:31:20,589 - aqt.updater - INFO - updater 37532 Patching C:\Qt\6.8.3\msvc2022_64\lib\Qt6Xml.prl
2026-09-30 15:31:20,598 - aqt.updater - INFO - updater 37532 Patching C:\Qt\6.8.3\msvc2022_64\lib\Qt6Xmld.prl
2026-09-30 15:31:20,607 - aqt.main - INFO - installer 37532 Finished installation
2026-09-30 15:31:20,607 - aqt.main - INFO - installer 37532 Time elapsed: 51.51180630 second
